// Jest Snapshot v1, https://goo.gl/fbAQLP

exports[`an OperationCoder generates a complex get operation 1`] = `
"($) => {
  return $.response[200].random();
};
"
`;

exports[`an OperationCoder generates a simple post operation 1`] = `
"($) => {
  return $.response[200].random();
};
"
`;
